anchor : WARNING: `anchor-lang` version(0.30.1) and the current CLI 
version(0.32.1) don't match.
At line:1 char:1
+ anchor build > build_output.txt 2>&1
+ ~~~~~~~~~~~~~~~~~~~~~~~~~~~~~~~~~~~~
    + CategoryInfo          : NotSpecified: (WARNING: `ancho...1) don't m 
   atch.:String) [], RemoteException
    + FullyQualifiedErrorId : NativeCommandError
 

	This can lead to unwanted behavior. To use the same CLI version, add:

	[toolchain]
	anchor_version = "0.30.1"

	to Anchor.toml

WARNING: `@coral-xyz/anchor` version(^0.29.0) and the current CLI 
version(0.32.1) don't match.

	This can lead to unwanted behavior. To fix, upgrade the package by 
running:

	yarn upgrade @coral-xyz/anchor@0.32.1

error: no such command: `build-sbf`

help: view all installed commands with `cargo --list`
help: find a package to install `build-sbf` with `cargo search 
cargo-build-sbf`
